// Jest Snapshot v1, https://jestjs.io/docs/snapshot-testing

exports[`Clock component should render as expected 1`] = `
<div>
  <div
    class="col-md-9"
  >
    <div
      class="row mx-0 g-0 text-end text-white"
    >
      <p
        data-testid="time"
      >
        12:00:00 AM
      </p>
    </div>
  </div>
</div>
`;
