// Jest Snapshot v1, https://goo.gl/fbAQLP

exports[`Clock component should render as expected 1`] = `
<div>
  <div
    class="col-md-9"
  >
    <div
      class="row text-end text-white"
    >
      <p
        data-testid="time"
      >
        12:00:00 a. m.
      </p>
    </div>
  </div>
</div>
`;
